{
  "1": {
    "errno": 0,
    "data": {
      "id": 17334,
      "userName": "testuser1",
      "realName": "test",
      "mobile": "12300010002",
      "email": "test@test1.com",
      "gender": 0,
      "birthday": "2020-01-01T00:00:00",
      "gmtCreate": "2020-11-30T15:45:50.030396",
      "gmtModified": null
    },
    "errmsg": "成功"
  },
  "2": {
    "errno": 731,
    "errmsg": "用户名已被注册"
  },
  "3": {
    "errno": 733,
    "errmsg": "手机号已被注册"
  },
  "4": {
    "errno": 732,
    "errmsg": "邮箱已被注册"
  },
  "5": {
    "errno": 503,
    "errmsg": "必须输入用户名;"
  },
  "6": {
    "errno": 503,
    "errmsg": "必须输入密码;"
  },
  "7": {
    "errno": 503,
    "errmsg": "必须输入真实姓名;"
  },
  "8": {
    "errno": 503,
    "errmsg": "必须输入手机号;"
  },
  "9": {
    "errno": 503,
    "errmsg": "手机号码格式不正确;"
  },
  "10": {
    "errno": 503,
    "errmsg": "必须输入邮箱;"
  },
  "11": {
    "errno": 503,
    "errmsg": "Email 格式不正确;"
  },
  "12": {
    "errno": 503,
    "errmsg": "生日不能为空;"
  },
  "13": "",
  "14": {
    "errno": 503,
    "errmsg": "生日时间范围错误;"
  },
  "15": {
    "errno": 503,
    "errmsg": "性别不能为空;"
  },
  "16": {
    "errno": 503,
    "errmsg": "性别错误;"
  }
}